// Jest Snapshot v1, https://goo.gl/fbAQLP

exports[`ProjectList renders component 1`] = `
<div>
  <div>
    <div
      class="card"
    >
      <h5>
        Recent Projects
      </h5>
    </div>
    <div
      class="grid"
    >
      <div
        class="col-12"
      >
        <div
          class="card"
        >
          <div
            class="p-datascroller p-component p-datascroller-inline"
          >
            <div
              class="p-datascroller-content"
              style="max-height: 500px;"
            >
              <ul
                class="p-datascroller-list"
              >
                <li>
                  No results found
                </li>
              </ul>
            </div>
          </div>
        </div>
      </div>
    </div>
  </div>
</div>
`;
