// Jest Snapshot v1, https://goo.gl/fbAQLP

exports[`Setting renders component 1`] = `
<div>
  <div
    class="card grid"
  >
    <div
      class="col-12"
    >
      <h5>
        Settings
      </h5>
    </div>
    <div
      class="col-12"
    >
      <div
        class="field"
      >
        <label
          class="block"
          for="pathToCybop"
        >
          Path to Cybop
        </label>
        <input
          class="p-inputtext p-component block"
          id="pathToCybop"
          value=""
        />
      </div>
    </div>
    <div
      class="col-12"
    >
      <button
        class="p-button p-component"
        id="saveSettings"
      >
        Save
      </button>
    </div>
  </div>
</div>
`;
