// Jest Snapshot v1, https://goo.gl/fbAQLP

exports[`ProjectList renders component 1`] = `
<div>
  <div
    class="jsx-3633143255 item jsx-478091869"
  >
    <div
      class="jsx-3066557810 item xs jsx-3484918754"
    >
      <p
        class="display-1"
      >
        Projects
      </p>
    </div>
    <div
      class="jsx-3066557810 item xs jsx-3484918754"
    >
      <a
        class="btn btn-primary"
        href="/projectNew"
      >
        New Project
      </a>
    </div>
  </div>
</div>
`;
