// Jest Snapshot v1, https://goo.gl/fbAQLP

exports[`ProjectOpen renders component 1`] = `
<div>
  <div
    class="jsx-2096050299 fieldset"
  >
    <div
      class="jsx-3523028602 content"
    >
      <form
        class="registration-wrapper"
        novalidate=""
      >
        <div
          class="jsx-3523028602 content"
        >
          <div
            class="jsx-4105044205 title"
          >
            Create Project
          </div>
          <div
            class="jsx-2265168013 "
          >
            Open an existing Directory as an Cybop Project
          </div>
        </div>
        <div
          class="jsx-3523028602 content"
        >
          <div
            class="jsx-556863166 with-label"
          >
            <div
              class="jsx-556863166 input-container"
            >
              <span
                class="jsx-2025932032 "
              >
                Project Name
              </span>
              <div
                class="jsx-556863166 input-wrapper  left-label"
              >
                <input
                  autocomplete="off"
                  class="jsx-556863166 "
                  placeholder=""
                  type="text"
                  value=""
                />
              </div>
            </div>
          </div>
          <span
            class="jsx-2817929712 "
          />
          <div
            class="jsx-556863166 with-label"
          >
            <div
              class="jsx-556863166 input-container"
            >
              <span
                class="jsx-2025932032 "
              >
                Project Directory
              </span>
              <div
                class="jsx-556863166 input-wrapper  left-label"
              >
                <input
                  aria-label="project-directory-input"
                  autocomplete="off"
                  class="jsx-556863166 "
                  placeholder=""
                  readonly=""
                  type="text"
                  value=""
                />
              </div>
            </div>
          </div>
        </div>
        <footer
          class="jsx-1747753947 "
        >
          <button
            type="submit"
          >
            Create Project
          </button>
        </footer>
      </form>
    </div>
  </div>
</div>
`;
